C51 COMPILER V9.59.0.0   MAIN                                                              05/30/2021 22:35:43 PAGE 1   


C51 COMPILER V9.59.0.0, COMPILATION OF MODULE MAIN
OBJECT MODULE PLACED IN .\OutHex\Main.obj
COMPILER INVOKED BY: C:\Keil_v5\C51\BIN\C51.EXE Sources\Main.c OPTIMIZE(8,SPEED) BROWSE DEBUG OBJECTEXTEND PRINT(.\Listi
                    -ngs\Main.lst) TABS(2) OBJECT(.\OutHex\Main.obj)

line level    source

   1          #include "./Headers/PreMacro.h"
   2          #include "./Headers/HybSCH.h"
   3          #include "./Headers/Led.h"
   4          #include "./Headers/Button.h"
   5          #include "./Headers/Bee.h"
   6          
   7          /**
   8           * 初始化调度器任务
   9           */
  10          void hsch_init_tasks()
  11          {
  12   1        // 流水灯任务
  13   1        hsch_add_task(led_flow, NULL, 0, 1000, SCH_COO_TYPE);
  14   1        // 按键检查任务
  15   1        hsch_add_task(btn_poll_scan, NULL, 0, 10, SCH_COO_TYPE);
  16   1      }
  17          
  18          /**
  19           * 根据按键报警，0号按键按下去蜂鸣器响
  20           */
  21          // void alarm_switch(u8 event_type, u8 key_code)
  22          void alarm_switch(ButtonEvent event)
  23          {
  24   1        if (event.key_code != 0)
  25   1        {
  26   2          return;
  27   2        }
  28   1        if (event.event_type == KEY_DOWN)
  29   1        {
  30   2          bee_alarm_open();
  31   2        }
  32   1        if (event.event_type == KEY_UP)
  33   1        {
  34   2          bee_alarm_close();
  35   2        }
  36   1      }
  37          
  38          /**
  39           * 初始化按键绑定事件
  40           */
  41          void btn_init_listeners()
  42          {
  43   1        btn_bind_event(KEY_DOWN, alarm_switch);
  44   1        btn_bind_event(KEY_UP, alarm_switch);
  45   1      }
  46          
  47          void main(void)
  48          {
  49   1        // 1. 初始化调度器，并使用定时器2作为时钟源
  50   1        hsch_init_timmer2();
  51   1        // 2. 初始化调度任务
  52   1        hsch_init_tasks();
  53   1        // 3. 初始化按键绑定
  54   1        btn_init_listeners();
C51 COMPILER V9.59.0.0   MAIN                                                              05/30/2021 22:35:43 PAGE 2   

  55   1        // 4. 启动调度器
  56   1        hsch_start();
  57   1        while (true)
  58   1        {
  59   2          // 5. 派遣执行任务
  60   2          hsch_dispatch_tasks();
  61   2        }
  62   1      }


MODULE INFORMATION:   STATIC OVERLAYABLE
   CODE SIZE        =    111    ----
   CONSTANT SIZE    =   ----    ----
   XDATA SIZE       =   ----    ----
   PDATA SIZE       =   ----    ----
   DATA SIZE        =   ----       3
   IDATA SIZE       =   ----    ----
   BIT SIZE         =   ----    ----
END OF MODULE INFORMATION.


C51 COMPILATION COMPLETE.  0 WARNING(S),  0 ERROR(S)
